// Jest Snapshot v1, https://goo.gl/fbAQLP

exports[`Prueba MultipleCustomHooks Debe mostrarse correctament 1`] = `Object {}`;
